
T5570.hs:7:16: error: [GHC-83865]
    • Expected a lifted type, but ‘Double#’ is a DoubleRep type
    • In the first argument of ‘($)’, namely ‘D#’
      In the second argument of ‘($)’, namely ‘D# $ 3.0##’
      In the expression: print $ D# $ 3.0##
