
UnliftedNewtypesNotEnabled.hs:9:1: error:
    • Newtype has non-* return kind ‘TYPE 'GHC.Types.IntRep’
    • In the newtype declaration for ‘Baz’
    Suggested fix: Perhaps you intended to use UnliftedNewtypes
