
<interactive>:1:1: error: Variable not in scope: nubBy

<interactive>:1:1: error: Variable not in scope: nub

<interactive>:1:1: error: Variable not in scope: nubBy

<interactive>:1:1: error: Variable not in scope: nub

<interactive>:1:1: error:
    Variable not in scope: nub
    Suggested fix: Perhaps use ‘L.nub’ (imported from Data.List)

<interactive>:1:1: error:
    Not in scope: ‘L.nub’
    NB: no module named ‘L’ is imported.

<interactive>:1:1: error: Variable not in scope: nub
