
<interactive>:2:11: error:
    The role annotation for ‘X’ lacks an accompanying binding
    Suggested fix:
      Move the role annotation to the declaration site of ‘X’.
