
<interactive>:1:1: error:
    Not in scope: ‘H.bit’
    NB: no module named ‘H’ is imported.
    Suggested fix: Perhaps use ‘Q.bit’ (imported from T8639)
