
saks_fail003.hs:6:11: error: [GHC-65507]
    Wildcard ‘_’ not allowed
      in the standalone kind signature for T
