
T12811.hs:5:15: error:
    Illegal operator ‘.’ in type ‘foral a . a’
    Suggested fix: Perhaps you intended to use TypeOperators

T12811.hs:5:15: error: Not in scope: type constructor or class ‘.’
