
T14740.hs:5:7: error: [GHC-83865]
    • Expecting a lifted type, but ‘(# #)’ is unlifted
    • In the type signature: x :: ((# #)) => ()
