
ImpSafe04.hs:10:1: error: [GHC-75165]
    Data.Word: Can't be safely imported!
    The package (base-4.17.0.0) the module resides in isn't trusted.
