
RepPolyMcBind.hs:26:16: error:
    • The first argument of the rebindable syntax operator ‘(>>=)’
        arising from a statement in a monad comprehension
      does not have a fixed runtime representation.
      Its type is:
        ma :: TYPE rep
    • In a stmt of a monad comprehension: x <- undefined :: ma
      In the expression: [() | x <- undefined :: ma]
      In an equation for ‘foo’: foo _ = [() | x <- undefined :: ma]
