[4 of 4] Compiling TcPlugin_Rewrite ( TcPlugin_Rewrite.hs, TcPlugin_Rewrite.o )
