
<interactive>:0:19: error:
    Module ‘Data.List’ does not export ‘bogusIdentifier’
