
mod121.hs:5:5: error:
    Variable not in scope: m2 :: Int -> t
    Suggested fix: Perhaps use ‘m1’ (imported from Mod121_A)
