
mod88.hs:5:5: error: [GHC-76037]
    Not in scope: data constructor ‘Prelude.Left’
    Suggested fix:
      Perhaps you want to add ‘Left’ to the import list in the import of
      ‘Prelude’ (mod88.hs:4:1-30).
