
WildcardInTypeSynonymRHS.hs:4:18: error: [GHC-65507]
    Wildcard ‘_’ not allowed
      in the declaration for type synonym ‘Foo’
