
WildcardInADT2.hs:4:34: error: [GHC-65507]
    Wildcard ‘_’ not allowed
      in the definition of data constructor ‘Foo’
