
WildcardInPatSynSig.hs:4:37: error: [GHC-65507]
    Wildcard ‘_’ not allowed
      in a pattern synonym signature for ‘Single’
