
TDMultiple01.hs:5:18:
    Multiple declarations of ‘P’
    Declared at: TDMultiple01.hs:4:1
                 TDMultiple01.hs:5:18
