
TDPunning.hs:4:15:
    Multiple declarations of ‘T’
    Declared at: TDPunning.hs:4:1
                 TDPunning.hs:4:15
