
overloadedrecfldsfail14.hs:12:7: error: [GHC-33238]
    • No type has all these fields: ‘x’, ‘y’
    • In the expression: r {x = 3, y = False}
      In an equation for ‘f’: f r = r {x = 3, y = False}
