T21951b.hs:13:10: warning: [-Wredundant-strictness-flags]
     Lazy flag has no effect on unlifted type ‘U’
     In the definition of data constructor ‘T’
      In the data type declaration for ‘T’
