Rule fired: Int# -> Integer -> Word# (GHC.Num.Integer)
Rule fired: int2Word# (BUILTIN)
Rule fired: Int# -> Integer -> Int# (GHC.Num.Integer)
Rule fired: Word# -> Natural -> Word# (GHC.Num.Natural)
